******************************************************************************
            TI ARM Clang Linker Unix v3.2.1                    
******************************************************************************
>> Linked Thu Jul 17 22:49:47 2025

OUTPUT FILE NAME:   <oracle.out>
ENTRY POINT SYMBOL: "_c_int00_noargs"  address: 000007b9


MEMORY CONFIGURATION

         name            origin    length      used     unused   attr    fill
----------------------  --------  ---------  --------  --------  ----  --------
  FLASH                 00000000   00020000  00000ea0  0001f160  R  X
  SRAM                  20200000   00008000  00000361  00007c9f  RW X
  BCR_CONFIG            41c00000   00000080  00000000  00000080  R   
  BSL_CONFIG            41c00100   00000080  00000000  00000080  R   


SEGMENT ALLOCATION MAP

run origin  load origin   length   init length attrs members
----------  ----------- ---------- ----------- ----- -------
00000000    00000000    00000ea0   00000ea0    r-x
  00000000    00000000    000000c0   000000c0    r-- .intvecs
  000000c0    000000c0    000007a0   000007a0    r-x .text
  00000860    00000860    00000568   00000568    r-- .rodata
  00000dc8    00000dc8    000000d8   000000d8    r-- .cinit
20200000    20200000    00000161   00000000    rw-
  20200000    20200000    00000161   00000000    rw- .data
20207e00    20207e00    00000200   00000000    rw-
  20207e00    20207e00    00000200   00000000    rw- .stack


SECTION ALLOCATION MAP

 output                                  attributes/
section   page    origin      length       input sections
--------  ----  ----------  ----------   ----------------
.intvecs   0    00000000    000000c0     
                  00000000    000000c0     startup_mspm0g350x_ticlang.o (.intvecs)

.text      0    000000c0    000007a0     
                  000000c0    000002ac     scroll.o (.text.update_displays)
                  0000036c    00000114     main.o (.text.main)
                  00000480    000000b8     scroll.o (.text.scroller)
                  00000538    0000009a     libc.a : memcpy16.S.obj (.text:memcpy)
                  000005d2    00000002     startup_mspm0g350x_ticlang.o (.text.Default_Handler)
                  000005d4    00000078     libc.a : copy_decompress_lzss.c.obj (.text:decompress:lzss)
                  0000064c    0000006c     oracle_helper.o (.text.InitializeTimerA1_PWM)
                  000006b8    00000058     oracle_helper.o (.text.InitializeTimerG0)
                  00000710    0000003c     oracle_helper.o (.text.InitializeGPIO)
                  0000074c    0000003c     libc.a : autoinit.c.obj (.text:__TI_auto_init_nobinit_nopinit)
                  00000788    00000030     oracle_helper.o (.text.InitializeProcessor)
                  000007b8    00000028     libc.a : boot_cortex_m.c.obj (.text:_c_int00_noargs)
                  000007e0    00000024     buttons.o (.text.any_button_on)
                  00000804    00000018     main.o (.text.TIMG0_IRQHandler)
                  0000081c    00000014     buttons.o (.text.button_on)
                  00000830    00000012     libc.a : copy_decompress_none.c.obj (.text:decompress:none)
                  00000842    0000000a     oracle_helper.o (.text.delay_cycles)
                  0000084c    00000008     libclang_rt.builtins.a : aeabi_memcpy.S.obj (.text.__aeabi_memcpy)
                  00000854    00000004     startup_mspm0g350x_ticlang.o (.text.Reset_Handler)
                  00000858    00000004     libc.a : pre_init.c.obj (.text._system_pre_init)
                  0000085c    00000004            : exit.c.obj (.text:abort)

.cinit     0    00000dc8    000000d8     
                  00000dc8    000000c2     (.cinit..data.load) [load image, compression = lzss]
                  00000e8a    00000002     --HOLE-- [fill = 0]
                  00000e8c    00000008     (__TI_handler_table)
                  00000e94    00000008     (__TI_cinit_table)
                  00000e9c    00000004     --HOLE-- [fill = 0]

.rodata    0    00000860    00000568     
                  00000860    000000d9     scroll.o (.rodata.segment_lookup)
                  00000939    000000aa     scroll.o (.rodata.str1.14157976131598503871)
                  000009e3    00000050     scroll.o (.rodata.str1.174630217064397061011)
                  00000a33    0000004f     scroll.o (.rodata.str1.37418914431438338411)
                  00000a82    00000040     scroll.o (.rodata.str1.100811781874207169331)
                  00000ac2    00000039     scroll.o (.rodata.str1.177900587820045368151)
                  00000afb    00000037     scroll.o (.rodata.str1.63346169338517076261)
                  00000b32    00000030     scroll.o (.rodata.str1.151849362425151606651)
                  00000b62    0000002e     scroll.o (.rodata.str1.144240783004703527481)
                  00000b90    0000002d     scroll.o (.rodata.str1.3321194828066394481)
                  00000bbd    0000002b     scroll.o (.rodata.str1.100840866789189298301)
                  00000be8    00000027     scroll.o (.rodata.str1.177902122137207184651)
                  00000c0f    00000026     scroll.o (.rodata.str1.175070041129810311721)
                  00000c35    00000025     scroll.o (.rodata.str1.153521590967359307491)
                  00000c5a    00000025     scroll.o (.rodata.str1.78064145256007985981)
                  00000c7f    00000024     scroll.o (.rodata.str1.138927712556234163581)
                  00000ca3    00000021     scroll.o (.rodata.str1.36965908223545810021)
                  00000cc4    00000021     scroll.o (.rodata.str1.91893958002718649251)
                  00000ce5    0000001c     scroll.o (.rodata.str1.125446166328462777731)
                  00000d01    0000001b     scroll.o (.rodata.str1.139189232886240959801)
                  00000d1c    0000001b     scroll.o (.rodata.str1.154809537282065398031)
                  00000d37    0000001b     scroll.o (.rodata.str1.60792973964829529531)
                  00000d52    00000019     scroll.o (.rodata.str1.160832069334276478491)
                  00000d6b    00000018     scroll.o (.rodata.str1.30550358791212171521)
                  00000d83    00000016     scroll.o (.rodata.str1.168010836110842107661)
                  00000d99    00000015     scroll.o (.rodata.str1.62157136241084722091)
                  00000dae    0000000d     scroll.o (.rodata.str1.43411206576565019031)
                  00000dbb    00000007     scroll.o (.rodata.str1.70525296147454086011)
                  00000dc2    00000006     --HOLE-- [fill = 0]

.init_array 
*          0    00000000    00000000     UNINITIALIZED

.binit     0    00000000    00000000     

.data      0    20200000    00000161     UNINITIALIZED
                  20200000    000000d8     scroll.o (.data.displays)
                  202000d8    0000006c     scroll.o (.data.text)
                  20200144    00000004     scroll.o (.data.last_reverse_time)
                  20200148    00000004     scroll.o (.data.last_scroll_time)
                  2020014c    00000004     scroll.o (.data.press_len)
                  20200150    00000004     scroll.o (.data.scroll_idx)
                  20200154    00000004     scroll.o (.data.string_idx)
                  20200158    00000004     main.o (.data.timer)
                  2020015c    00000004     main.o (.data.timerTicked)
                  20200160    00000001     scroll.o (.data.reverse_held)

.stack     0    20207e00    00000200     UNINITIALIZED
                  20207e00    00000004     libc.a : boot_cortex_m.c.obj (.stack)
                  20207e04    000001fc     --HOLE--

__llvm_prf_cnts 
*          0    20200000    00000000     UNINITIALIZED

__llvm_prf_bits 
*          0    20200000    00000000     UNINITIALIZED

MODULE SUMMARY

       Module                         code   ro data   rw data
       ------                         ----   -------   -------
    ./
       scroll.o                       868    1378      345    
       oracle_helper.o                314    0         0      
       main.o                         300    0         8      
       startup_mspm0g350x_ticlang.o   6      192       0      
       buttons.o                      56     0         0      
    +--+------------------------------+------+---------+---------+
       Total:                         1544   1570      353    
                                                              
    /Applications/ti/ccs1281/ccs/tools/compiler/ti-cgt-armllvm_3.2.1.LTS/lib/armv6m-ti-none-eabi/c/libc.a
       memcpy16.S.obj                 154    0         0      
       copy_decompress_lzss.c.obj     120    0         0      
       autoinit.c.obj                 60     0         0      
       boot_cortex_m.c.obj            40     0         0      
       copy_decompress_none.c.obj     18     0         0      
       exit.c.obj                     4      0         0      
       pre_init.c.obj                 4      0         0      
    +--+------------------------------+------+---------+---------+
       Total:                         400    0         0      
                                                              
    /Applications/ti/ccs1281/ccs/tools/compiler/ti-cgt-armllvm_3.2.1.LTS/lib/clang/15.0.7/lib/armv6m-ti-none-eabi/libclang_rt.builtins.a
       aeabi_memcpy.S.obj             8      0         0      
    +--+------------------------------+------+---------+---------+
       Total:                         8      0         0      
                                                              
       Stack:                         0      0         512    
       Linker Generated:              0      210       0      
    +--+------------------------------+------+---------+---------+
       Grand Total:                   1952   1780      865    


LINKER GENERATED COPY TABLES

__TI_cinit_table @ 00000e94 records: 1, size/record: 8, table size: 8
	.data: load addr=00000dc8, load size=000000c2 bytes, run addr=20200000, run size=00000161 bytes, compression=lzss


LINKER GENERATED HANDLER TABLE

__TI_handler_table @ 00000e8c records: 2, size/record: 4, table size: 8
	index: 0, handler: __TI_decompress_lzss
	index: 1, handler: __TI_decompress_none


GLOBAL SYMBOLS: SORTED ALPHABETICALLY BY Name 

address   name                          
-------   ----                          
000005d3  ADC0_IRQHandler               
000005d3  ADC1_IRQHandler               
000005d3  AES_IRQHandler                
0000085c  C$$EXIT                       
000005d3  CANFD0_IRQHandler             
000005d3  DAC0_IRQHandler               
000005d3  DMA_IRQHandler                
000005d3  Default_Handler               
000005d3  GROUP0_IRQHandler             
000005d3  GROUP1_IRQHandler             
000005d3  HardFault_Handler             
000005d3  I2C0_IRQHandler               
000005d3  I2C1_IRQHandler               
00000711  InitializeGPIO                
00000789  InitializeProcessor           
0000064d  InitializeTimerA1_PWM         
000006b9  InitializeTimerG0             
000005d3  NMI_Handler                   
000005d3  PendSV_Handler                
000005d3  RTC_IRQHandler                
00000855  Reset_Handler                 
000005d3  SPI0_IRQHandler               
000005d3  SPI1_IRQHandler               
000005d3  SVC_Handler                   
000005d3  SysTick_Handler               
000005d3  TIMA0_IRQHandler              
000005d3  TIMA1_IRQHandler              
00000805  TIMG0_IRQHandler              
000005d3  TIMG12_IRQHandler             
000005d3  TIMG6_IRQHandler              
000005d3  TIMG7_IRQHandler              
000005d3  TIMG8_IRQHandler              
000005d3  UART0_IRQHandler              
000005d3  UART1_IRQHandler              
000005d3  UART2_IRQHandler              
000005d3  UART3_IRQHandler              
20208000  __STACK_END                   
00000200  __STACK_SIZE                  
00000000  __TI_ATRegion0_region_sz      
00000000  __TI_ATRegion0_src_addr       
00000000  __TI_ATRegion0_trg_addr       
00000000  __TI_ATRegion1_region_sz      
00000000  __TI_ATRegion1_src_addr       
00000000  __TI_ATRegion1_trg_addr       
00000000  __TI_ATRegion2_region_sz      
00000000  __TI_ATRegion2_src_addr       
00000000  __TI_ATRegion2_trg_addr       
00000e94  __TI_CINIT_Base               
00000e9c  __TI_CINIT_Limit              
00000e9c  __TI_CINIT_Warm               
00000e8c  __TI_Handler_Table_Base       
00000e94  __TI_Handler_Table_Limit      
0000074d  __TI_auto_init_nobinit_nopinit
000005d5  __TI_decompress_lzss          
00000831  __TI_decompress_none          
ffffffff  __TI_pprof_out_hndl           
ffffffff  __TI_prof_data_size           
ffffffff  __TI_prof_data_start          
00000000  __TI_static_base__            
0000084d  __aeabi_memcpy                
0000084d  __aeabi_memcpy4               
0000084d  __aeabi_memcpy8               
ffffffff  __binit__                     
UNDEFED   __mpu_init                    
20207e00  __stack                       
20200000  __start___llvm_prf_bits       
20200000  __start___llvm_prf_cnts       
20200000  __stop___llvm_prf_bits        
20200000  __stop___llvm_prf_cnts        
000007b9  _c_int00_noargs               
UNDEFED   _system_post_cinit            
00000859  _system_pre_init              
0000085d  abort                         
000007e1  any_button_on                 
ffffffff  binit                         
0000081d  button_on                     
00000843  delay_cycles                  
20200000  displays                      
00000000  interruptVectors              
20200144  last_reverse_time             
20200148  last_scroll_time              
0000036d  main                          
00000539  memcpy                        
2020014c  press_len                     
20200160  reverse_held                  
20200150  scroll_idx                    
00000481  scroller                      
00000860  segment_lookup                
20200154  string_idx                    
202000d8  text                          
20200158  timer                         
2020015c  timerTicked                   
000000c1  update_displays               


GLOBAL SYMBOLS: SORTED BY Symbol Address 

address   name                          
-------   ----                          
00000000  __TI_ATRegion0_region_sz      
00000000  __TI_ATRegion0_src_addr       
00000000  __TI_ATRegion0_trg_addr       
00000000  __TI_ATRegion1_region_sz      
00000000  __TI_ATRegion1_src_addr       
00000000  __TI_ATRegion1_trg_addr       
00000000  __TI_ATRegion2_region_sz      
00000000  __TI_ATRegion2_src_addr       
00000000  __TI_ATRegion2_trg_addr       
00000000  __TI_static_base__            
00000000  interruptVectors              
000000c1  update_displays               
00000200  __STACK_SIZE                  
0000036d  main                          
00000481  scroller                      
00000539  memcpy                        
000005d3  ADC0_IRQHandler               
000005d3  ADC1_IRQHandler               
000005d3  AES_IRQHandler                
000005d3  CANFD0_IRQHandler             
000005d3  DAC0_IRQHandler               
000005d3  DMA_IRQHandler                
000005d3  Default_Handler               
000005d3  GROUP0_IRQHandler             
000005d3  GROUP1_IRQHandler             
000005d3  HardFault_Handler             
000005d3  I2C0_IRQHandler               
000005d3  I2C1_IRQHandler               
000005d3  NMI_Handler                   
000005d3  PendSV_Handler                
000005d3  RTC_IRQHandler                
000005d3  SPI0_IRQHandler               
000005d3  SPI1_IRQHandler               
000005d3  SVC_Handler                   
000005d3  SysTick_Handler               
000005d3  TIMA0_IRQHandler              
000005d3  TIMA1_IRQHandler              
000005d3  TIMG12_IRQHandler             
000005d3  TIMG6_IRQHandler              
000005d3  TIMG7_IRQHandler              
000005d3  TIMG8_IRQHandler              
000005d3  UART0_IRQHandler              
000005d3  UART1_IRQHandler              
000005d3  UART2_IRQHandler              
000005d3  UART3_IRQHandler              
000005d5  __TI_decompress_lzss          
0000064d  InitializeTimerA1_PWM         
000006b9  InitializeTimerG0             
00000711  InitializeGPIO                
0000074d  __TI_auto_init_nobinit_nopinit
00000789  InitializeProcessor           
000007b9  _c_int00_noargs               
000007e1  any_button_on                 
00000805  TIMG0_IRQHandler              
0000081d  button_on                     
00000831  __TI_decompress_none          
00000843  delay_cycles                  
0000084d  __aeabi_memcpy                
0000084d  __aeabi_memcpy4               
0000084d  __aeabi_memcpy8               
00000855  Reset_Handler                 
00000859  _system_pre_init              
0000085c  C$$EXIT                       
0000085d  abort                         
00000860  segment_lookup                
00000e8c  __TI_Handler_Table_Base       
00000e94  __TI_CINIT_Base               
00000e94  __TI_Handler_Table_Limit      
00000e9c  __TI_CINIT_Limit              
00000e9c  __TI_CINIT_Warm               
20200000  __start___llvm_prf_bits       
20200000  __start___llvm_prf_cnts       
20200000  __stop___llvm_prf_bits        
20200000  __stop___llvm_prf_cnts        
20200000  displays                      
202000d8  text                          
20200144  last_reverse_time             
20200148  last_scroll_time              
2020014c  press_len                     
20200150  scroll_idx                    
20200154  string_idx                    
20200158  timer                         
2020015c  timerTicked                   
20200160  reverse_held                  
20207e00  __stack                       
20208000  __STACK_END                   
ffffffff  __TI_pprof_out_hndl           
ffffffff  __TI_prof_data_size           
ffffffff  __TI_prof_data_start          
ffffffff  __binit__                     
ffffffff  binit                         
UNDEFED   __mpu_init                    
UNDEFED   _system_post_cinit            

[93 symbols]
